[ui-themez.smartinnovates.net/items/daniels/main.html]
[backblue.gif]
[fade.gif]
[index.html]
[ui-themez.smartinnovates.net/items/daniels/img/favicon.ico]
[ui-themez.smartinnovates.net/items/daniels/css/bootstrap.min.css]
[ui-themez.smartinnovates.net/items/daniels/css/owl.carousel.min.css]
[ui-themez.smartinnovates.net/items/daniels/css/owl.theme.default.min.css]
[ui-themez.smartinnovates.net/items/daniels/css/magnific-popup.css]
[ui-themez.smartinnovates.net/items/daniels/css/animate.min.css]
[ui-themez.smartinnovates.net/items/daniels/css/font-awesome.min.css]
[ui-themez.smartinnovates.net/items/daniels/css/et-line.css]
[ui-themez.smartinnovates.net/items/daniels/css/style.css]
[ui-themez.smartinnovates.net/items/daniels/js/html5shiv.min.js]
[ui-themez.smartinnovates.net/items/daniels/img/bg.jpg]
[ui-themez.smartinnovates.net/items/daniels/img/hero.jpg]
[ui-themez.smartinnovates.net/items/daniels/img/portfolio/1.jpg]
[ui-themez.smartinnovates.net/items/daniels/img/portfolio/2.jpg]
[ui-themez.smartinnovates.net/items/daniels/img/portfolio/3.jpg]
[ui-themez.smartinnovates.net/items/daniels/img/portfolio/4.jpg]
[ui-themez.smartinnovates.net/items/daniels/img/portfolio/5.jpg]
[ui-themez.smartinnovates.net/items/daniels/img/portfolio/6.jpg]
[ui-themez.smartinnovates.net/items/daniels/img/clients/1.jpg]
[ui-themez.smartinnovates.net/items/daniels/img/blog/1.jpg]
[ui-themez.smartinnovates.net/items/daniels/img/blog/2.jpg]
[ui-themez.smartinnovates.net/items/daniels/img/blog/3.jpg]
[code.jquery.com/jquery-3.0.0.min.js]
[code.jquery.com/jquery-migrate-3.0.0.min.js]
[ui-themez.smartinnovates.net/items/daniels/js/bootstrap.min.js]
[ui-themez.smartinnovates.net/items/daniels/js/scrollIt.min.js]
[ui-themez.smartinnovates.net/items/daniels/js/jquery.magnific-popup.min.js]
[ui-themez.smartinnovates.net/items/daniels/js/owl.carousel.min.js]
[ui-themez.smartinnovates.net/items/daniels/js/jquery.stellar.min.js]
[ui-themez.smartinnovates.net/items/daniels/js/animated.headline.js]
[ui-themez.smartinnovates.net/items/daniels/js/jquery.waypoints.min.js]
[ui-themez.smartinnovates.net/items/daniels/js/jquery.counterup.min.js]
[ui-themez.smartinnovates.net/items/daniels/js/isotope.pkgd.min.js]
[ui-themez.smartinnovates.net/items/daniels/js/validator.js]
[ui-themez.smartinnovates.net/items/daniels/main.html]
[ui-themez.smartinnovates.net/items/daniels/js/custom.js]
[ui-themez.smartinnovates.net/items/daniels/fonts/glyphicons-halflings-regular.eot]
[ui-themez.smartinnovates.net/items/daniels/fonts/glyphicons-halflings-regulard41d.eot]
[ui-themez.smartinnovates.net/items/daniels/fonts/glyphicons-halflings-regular.woff2]
[ui-themez.smartinnovates.net/items/daniels/fonts/glyphicons-halflings-regular.woff]
[ui-themez.smartinnovates.net/items/daniels/fonts/glyphicons-halflings-regular.ttf]
[ui-themez.smartinnovates.net/items/daniels/fonts/glyphicons-halflings-regular.svg]
[ui-themez.smartinnovates.net/items/daniels/css/bootstrap.min.css]
[ui-themez.smartinnovates.net/items/daniels/css/owl.video.play.png]
[ui-themez.smartinnovates.net/items/daniels/css/owl.carousel.min.css]
[ui-themez.smartinnovates.net/items/daniels/css/owl.theme.default.min.css]
[ui-themez.smartinnovates.net/items/daniels/css/magnific-popup.css]
[ui-themez.smartinnovates.net/items/daniels/css/animate.min.css]
[ui-themez.smartinnovates.net/items/daniels/fonts/fontawesome-webfontd41d.eot]
[ui-themez.smartinnovates.net/items/daniels/fonts/fontawesome-webfont3e6e.eot]
[ui-themez.smartinnovates.net/items/daniels/fonts/fontawesome-webfont3e6e.woff2]
[ui-themez.smartinnovates.net/items/daniels/fonts/fontawesome-webfont3e6e.woff]
[ui-themez.smartinnovates.net/items/daniels/fonts/fontawesome-webfont3e6e.ttf]
[ui-themez.smartinnovates.net/items/daniels/fonts/fontawesome-webfont3e6e.svg]
[ui-themez.smartinnovates.net/items/daniels/css/font-awesome.min.css]
[ui-themez.smartinnovates.net/items/daniels/fonts/et-line.eot]
[ui-themez.smartinnovates.net/items/daniels/fonts/et-lined41d.eot]
[ui-themez.smartinnovates.net/items/daniels/fonts/et-line.woff]
[ui-themez.smartinnovates.net/items/daniels/fonts/et-line.ttf]
[ui-themez.smartinnovates.net/items/daniels/fonts/et-line.svg]
[ui-themez.smartinnovates.net/items/daniels/css/et-line.css]
[ui-themez.smartinnovates.net/items/daniels/css/main.css]
[ui-themez.smartinnovates.net/items/daniels/img/dots.png]
[ui-themez.smartinnovates.net/items/daniels/css/style.css]
[ui-themez.smartinnovates.net/items/daniels/fonts/glyphicons-halflings-regular.html]
[ui-themez.smartinnovates.net/items/daniels/fonts/glyphicons-halflings-regular-2.html]
[ui-themez.smartinnovates.net/items/daniels/css/owl.video.play.html]
[ui-themez.smartinnovates.net/items/daniels/fonts/fontawesome-webfont3e6e.html]
[ui-themez.smartinnovates.net/items/daniels/fonts/et-line.html]
[ui-themez.smartinnovates.net/items/daniels/css/main.css]
[ui-themez.smartinnovates.net/items/daniels/img/blog/4.jpg]
